Flutter crash report.
Please report a bug at https://github.com/flutter/flutter/issues.

## command

flutter pub get --no-example

## exception

PathNotFoundException: PathNotFoundException: Cannot open file, path = '/home/barnak/aicourse/NotionAgent/flutter/version' (OS Error: No such file or directory, errno = 2)

```
#0      _File.throwIfError (dart:io/file_impl.dart:675:7)
#1      _File.openSync (dart:io/file_impl.dart:490:5)
#2      _File.writeAsBytesSync (dart:io/file_impl.dart:644:31)
#3      _File.writeAsStringSync (dart:io/file_impl.dart:668:5)
#4      ForwardingFile.writeAsStringSync (package:file/src/forwarding/forwarding_file.dart:150:16)
#5      ErrorHandlingFile.writeAsStringSync.<anonymous closure> (package:flutter_tools/src/base/error_handling_io.dart:267:22)
#6      _runSync (package:flutter_tools/src/base/error_handling_io.dart:590:14)
#7      ErrorHandlingFile.writeAsStringSync (package:flutter_tools/src/base/error_handling_io.dart:266:5)
#8      _ensureLegacyVersionFile (package:flutter_tools/src/version.dart:631:23)
#9      _FlutterVersionFromFile.ensureVersionFile (package:flutter_tools/src/version.dart:538:5)
#10     FlutterCommandRunner.runCommand.<anonymous closure> (package:flutter_tools/src/runner/flutter_command_runner.dart:309:32)
<asynchronous suspension>
#11     AppContext.run.<anonymous closure> (package:flutter_tools/src/base/context.dart:150:19)
<asynchronous suspension>
#12     FlutterCommandRunner.runCommand (package:flutter_tools/src/runner/flutter_command_runner.dart:294:5)
<asynchronous suspension>
#13     run.<anonymous closure>.<anonymous closure> (package:flutter_tools/runner.dart:112:9)
<asynchronous suspension>
#14     AppContext.run.<anonymous closure> (package:flutter_tools/src/base/context.dart:150:19)
<asynchronous suspension>
#15     main (package:flutter_tools/executable.dart:90:3)
<asynchronous suspension>
```

## flutter doctor

```
[☠] Flutter (the doctor check crashed)
    ✗ Due to an error, the doctor check did not complete. If the error message below is not helpful, please let us know about this issue at https://github.com/flutter/flutter/issues.
    ✗ Exception: Could not find directory at /home/barnak/aicourse/NotionAgent/flutter/bin/cache/dart-sdk/bin/resources/devtools
    • #0      Cache.devToolsVersion (package:flutter_tools/src/cache.dart:386:9)
      #1      _DefaultDoctorValidatorsProvider.validators.<anonymous closure> (package:flutter_tools/src/doctor.dart:127:46)
      #2      FlutterValidator.validate (package:flutter_tools/src/doctor.dart:530:84)
      #3      Doctor.startValidatorTasks.<anonymous closure> (package:flutter_tools/src/doctor.dart:258:72)
      #4      asyncGuard.<anonymous closure> (package:flutter_tools/src/base/async_guard.dart:111:32)
      #5      _rootRun (dart:async/zone.dart:1399:13)
      #6      _CustomZone.run (dart:async/zone.dart:1301:19)
      #7      _runZoned (dart:async/zone.dart:1804:10)
      #8      runZonedGuarded (dart:async/zone.dart:1792:12)
      #9      runZoned (dart:async/zone.dart:1744:12)
      #10     asyncGuard (package:flutter_tools/src/base/async_guard.dart:109:3)
      #11     Doctor.startValidatorTasks (package:flutter_tools/src/doctor.dart:250:9)
      #12     DoctorText._validatorTasks (package:flutter_tools/src/doctor.dart:741:60)
      #13     DoctorText._validatorTasks (package:flutter_tools/src/doctor.dart)
      #14     DoctorText._runDiagnosis (package:flutter_tools/src/doctor.dart:745:53)
      #15     DoctorText.text (package:flutter_tools/src/doctor.dart:737:36)
      #16     DoctorText.text (package:flutter_tools/src/doctor.dart)
      #17     _createLocalCrashReport (package:flutter_tools/runner.dart:254:51)
      #18     _handleToolError (package:flutter_tools/runner.dart:216:31)
      <asynchronous suspension>
      #19     AppContext.run.<anonymous closure> (package:flutter_tools/src/base/context.dart:150:19)
      <asynchronous suspension>
      #20     main (package:flutter_tools/executable.dart:90:3)
      <asynchronous suspension>


[✗] Android toolchain - develop for Android devices
    ✗ Unable to locate Android SDK.
      Install Android Studio from: https://developer.android.com/studio/index.html
      On first launch it will assist you in installing the Android SDK components.
      (or visit https://flutter.dev/docs/get-started/install/linux#android-setup for detailed instructions).
      If the Android SDK has been installed to a custom location, please use
      `flutter config --android-sdk` to update to that location.


[✗] Chrome - develop for the web (Cannot find Chrome executable at google-chrome)
    ! Cannot find Chrome. Try setting CHROME_EXECUTABLE to a Chrome executable.

[✓] Linux toolchain - develop for Linux desktop
    • clang version 21.1.6
    • cmake version 4.2.1
    • ninja version 1.13.2
    • pkg-config version 2.5.1

[!] Android Studio (not installed)
    • Android Studio not found; download from https://developer.android.com/studio/index.html
      (or visit https://flutter.dev/docs/get-started/install/linux#android-setup for detailed instructions).

[✓] Connected device (1 available)
    • Linux (desktop) • linux • linux-x64 • Arch Linux 6.18.3-arch1-1

[✓] Network resources
    • All expected network resources are available.

! Doctor found issues in 4 categories.
```
